// Jest Snapshot v1, https://goo.gl/fbAQLP

exports[`summary 1`] = `
"samples: 17
average: 4.470588235294118
variance: 10.955017301038064
STDEV: 3.3098364462671057
STDEPV: 3.4117013178695674

 to 2.1 ┃ *************************************************************************************************
 to 3.2 ┃ 
 to 4.3 ┃ **********
 to 5.4 ┃ **********
 to 6.5 ┃ **********
 to 7.6 ┃ **********
 to 8.7 ┃ **********
 to 9.8 ┃ *********************
to 10.9 ┃ 
  to 12 ┃ **********
━━━━━━━━╋━━━━━━━━━━━━━━━━━━━━━━━━━━━━━━━━━━━━━━━━━━━━━━━━━━━━━━━━━━━━━━━━━━━━━━━━━━━━━━━━━━━━━━━━━━━━━━━━━━
          0                                                                                               9
  "
`;
